test1
test2
test3
test4
/u/c/s/cs537-1/tests/tests-wish/p2a-test
Linux
