wish> wish> /afs/cs.wisc.edu/p/course/cs537-remzi/tests/tests-wish/p2a-test
wish> test1
test2
test3
test4
wish> Linux
wish> 